[    7804ms] [ERROR] Failed to load resource: the server responded with a status of 404 (File not found) @ http://localhost:8765/favicon.ico:0
[   74167ms] [ERROR] Failed to load resource: net::ERR_CONNECTION_TIMED_OUT @ http://localhost:8765/reload-check:0
[   81952ms] [ERROR] Failed to load resource: net::ERR_CONNECTION_TIMED_OUT @ http://localhost:8765/reload-check:0
[   89762ms] [ERROR] Failed to load resource: net::ERR_CONNECTION_TIMED_OUT @ http://localhost:8765/reload-check:0
[   97598ms] [ERROR] Failed to load resource: net::ERR_CONNECTION_TIMED_OUT @ http://localhost:8765/reload-check:0
[  105392ms] [ERROR] Failed to load resource: net::ERR_CONNECTION_TIMED_OUT @ http://localhost:8765/reload-check:0
[  113173ms] [ERROR] Failed to load resource: net::ERR_CONNECTION_TIMED_OUT @ http://localhost:8765/reload-check:0
[  120955ms] [ERROR] Failed to load resource: net::ERR_CONNECTION_TIMED_OUT @ http://localhost:8765/reload-check:0
[  128777ms] [ERROR] Failed to load resource: net::ERR_CONNECTION_TIMED_OUT @ http://localhost:8765/reload-check:0
[  136597ms] [ERROR] Failed to load resource: net::ERR_CONNECTION_TIMED_OUT @ http://localhost:8765/reload-check:0
[  144387ms] [ERROR] Failed to load resource: net::ERR_CONNECTION_TIMED_OUT @ http://localhost:8765/reload-check:0
[  152182ms] [ERROR] Failed to load resource: net::ERR_CONNECTION_TIMED_OUT @ http://localhost:8765/reload-check:0
[  160000ms] [ERROR] Failed to load resource: net::ERR_CONNECTION_TIMED_OUT @ http://localhost:8765/reload-check:0
[  167780ms] [ERROR] Failed to load resource: net::ERR_CONNECTION_TIMED_OUT @ http://localhost:8765/reload-check:0
[  175632ms] [ERROR] Failed to load resource: net::ERR_CONNECTION_TIMED_OUT @ http://localhost:8765/reload-check:0
[  183435ms] [ERROR] Failed to load resource: net::ERR_CONNECTION_TIMED_OUT @ http://localhost:8765/reload-check:0
[  191215ms] [ERROR] Failed to load resource: net::ERR_CONNECTION_TIMED_OUT @ http://localhost:8765/reload-check:0
[  197354ms] [ERROR] Failed to load resource: net::ERR_CONNECTION_RESET @ http://localhost:8765/reload-check:0
[  197354ms] [ERROR] Failed to load resource: net::ERR_CONNECTION_RESET @ http://localhost:8765/reload-check:0
[  197354ms] [ERROR] Failed to load resource: net::ERR_CONNECTION_RESET @ http://localhost:8765/reload-check:0
[  197354ms] [ERROR] Failed to load resource: net::ERR_CONNECTION_RESET @ http://localhost:8765/reload-check:0
[  197355ms] [ERROR] Failed to load resource: net::ERR_CONNECTION_REFUSED @ http://localhost:8765/reload-check:0
[  197355ms] [ERROR] Failed to load resource: net::ERR_CONNECTION_REFUSED @ http://localhost:8765/reload-check:0
[  197355ms] [ERROR] Failed to load resource: net::ERR_CONNECTION_REFUSED @ http://localhost:8765/reload-check:0
[  197355ms] [ERROR] Failed to load resource: net::ERR_CONNECTION_REFUSED @ http://localhost:8765/reload-check:0
[  197355ms] [ERROR] Failed to load resource: net::ERR_CONNECTION_REFUSED @ http://localhost:8765/reload-check:0
